<html>
<body>
<pre>
<h1>礦ision Build Log</h1>
<h2>Tool Versions:</h2>
IDE-Version: μVision V5.22.0.0
Copyright (C) 2016 ARM Ltd and ARM Germany GmbH. All rights reserved.
License Information: 鲁 亮, 重庆理工大学, LIC=FQQMM-XCDEF-5BPEB-2XIU4-95MIF-M7TIJ
 
Tool Versions:
Toolchain:       MDK-ARM Professional  Version: 5.22
Toolchain Path:  C:\Work\Keil_v5\ARM\ARMCC\Bin
C Compiler:      Armcc.exe V5.06 update 4 (build 422)
Assembler:       Armasm.exe V5.06 update 4 (build 422)
Linker/Locator:  ArmLink.exe V5.06 update 4 (build 422)
Library Manager: ArmAr.exe V5.06 update 4 (build 422)
Hex Converter:   FromElf.exe V5.06 update 4 (build 422)
CPU DLL:         SARMCM3.DLL V5.22
Dialog DLL:      DCM.DLL V1.13.9.0
Target DLL:      Segger\JL2CM3.dll V2.99.23.0
Dialog DLL:      TCM.DLL V1.21.0.0
 
<h2>Project:</h2>
F:\文档\实验室相关\2015无线门禁\无线门禁V5.3\USER\Template.uvprojx
Project File Date:  04/30/2017

<h2>Output:</h2>
*** Using Compiler 'V5.06 update 4 (build 422)', folder: 'C:\Work\Keil_v5\ARM\ARMCC\Bin'
Build target 'Template'
compiling stm32f10x_it.c...
compiling system_stm32f10x.c...
compiling main.c...
compiling delay.c...
compiling core_cm3.c...
compiling sys.c...
assembling startup_stm32f10x_hd.s...
compiling stm32f10x_bkp.c...
compiling misc.c...
compiling stm32f10x_adc.c...
compiling stm32f10x_crc.c...
compiling stm32f10x_cec.c...
compiling stm32f10x_can.c...
compiling stm32f10x_dac.c...
compiling stm32f10x_dbgmcu.c...
compiling stm32f10x_dma.c...
compiling stm32f10x_exti.c...
compiling stm32f10x_fsmc.c...
compiling stm32f10x_flash.c...
compiling stm32f10x_iwdg.c...
compiling stm32f10x_gpio.c...
compiling stm32f10x_i2c.c...
compiling stm32f10x_pwr.c...
compiling stm32f10x_rtc.c...
compiling stm32f10x_rcc.c...
compiling stm32f10x_spi.c...
compiling stm32f10x_sdio.c...
compiling stm32f10x_tim.c...
compiling stm32f10x_usart.c...
compiling stm32f10x_wwdg.c...
compiling fingerprint.c...
compiling compare.c...
..\HARDWARE\compare\compare.c(157): warning:  #177-D: variable "k"  was declared but never referenced
  	u16 k=0,Menber_site,finger_save;
..\HARDWARE\compare\compare.c(157): warning:  #177-D: variable "Menber_site"  was declared but never referenced
  	u16 k=0,Menber_site,finger_save;
..\HARDWARE\compare\compare.c(157): warning:  #177-D: variable "finger_save"  was declared but never referenced
  	u16 k=0,Menber_site,finger_save;
..\HARDWARE\compare\compare.c(158): warning:  #177-D: variable "order_temp"  was declared but never referenced
  	u16 order_temp=0;						//名单序号
..\HARDWARE\compare\compare.c(286): warning:  #167-D: argument of type "char *" is incompatible with parameter of type "const u8 *"
  				ai_load_picfile(photo_addr,10,60,120,150,1);//显示图片	
..\HARDWARE\compare\compare.c: 5 warnings, 0 errors
compiling Instruction.c...
..\HARDWARE\Instruction\Instruction.c(166): warning:  #167-D: argument of type "u8 *" is incompatible with parameter of type "char *"
      userNum=my_atoi(delete_order);										 //计算用户号	
..\HARDWARE\Instruction\Instruction.c(180): warning:  #167-D: argument of type "u8 *" is incompatible with parameter of type "const char *"
  	if(strcmp(Client.Student_Information[0].Name,delete_name)==0)		//比较用户名是否相同
..\HARDWARE\Instruction\Instruction.c(183): warning:  #167-D: argument of type "u8 *" is incompatible with parameter of type "const char *"
  		if(strcmp(Client.Student_Information[0].order,delete_order)!=0) //如果用户号不正确
..\HARDWARE\Instruction\Instruction.c(241): warning:  #167-D: argument of type "u8 *" is incompatible with parameter of type "char *"
  	user_order_start=my_atoi(cmd_user_start);			   				//计算第几个用户
..\HARDWARE\Instruction\Instruction.c(242): warning:  #167-D: argument of type "u8 *" is incompatible with parameter of type "char *"
  	user_order_add=my_atoi(cmd_user_add);			       				//计算上传用户数
..\HARDWARE\Instruction\Instruction.c(222): warning:  #177-D: variable "k"  was declared but never referenced
    u8 i,k;		
..\HARDWARE\Instruction\Instruction.c(228): warning:  #177-D: variable "order_temp"  was declared but never referenced
  	u16 order_temp=0;			//SD卡原存的用户号
..\HARDWARE\Instruction\Instruction.c(229): warning:  #177-D: variable "Menber_site"  was declared but never referenced
      u32 Menber_site=0;			//读取人员信息的字节位置
..\HARDWARE\Instruction\Instruction.c(230): warning:  #177-D: variable "num_t"  was declared but never referenced
  	u16 num_t=0;				//有效上传的用户人数
..\HARDWARE\Instruction\Instruction.c(339): warning:  #167-D: argument of type "u8 *" is incompatible with parameter of type "char *"
  	user_order_start=my_atoi(cmd_user_start);			   				//计算第几个用户
..\HARDWARE\Instruction\Instruction.c(340): warning:  #167-D: argument of type "u8 *" is incompatible with parameter of type "char *"
  	user_order_add=my_atoi(cmd_user_add);			       				//计算上传用户数
..\HARDWARE\Instruction\Instruction.c(530): warning:  #167-D: argument of type "u8 *" is incompatible with parameter of type "char *"
  	IO_num=my_atoi(data);								//已存进出信息条数
..\HARDWARE\Instruction\Instruction.c(533): warning:  #167-D: argument of type "u8 *" is incompatible with parameter of type "char *restrict"
  		strncpy(data,clean_IO_num,8);
..\HARDWARE\Instruction\Instruction.c(533): warning:  #167-D: argument of type "u8 *" is incompatible with parameter of type "const char *restrict"
  		strncpy(data,clean_IO_num,8);
..\HARDWARE\Instruction\Instruction.c(539): warning:  #167-D: argument of type "u8 *" is incompatible with parameter of type "char *restrict"
  		strncpy(&data[8],seed_num,8);
..\HARDWARE\Instruction\Instruction.c(566): warning:  #167-D: argument of type "u8 *" is incompatible with parameter of type "char *restrict"
  		strncpy(&data[8],seed_num,8);
..\HARDWARE\Instruction\Instruction.c(665): warning:  #167-D: argument of type "u8 *" is incompatible with parameter of type "const TCHAR *"
  	if(f_open(&fds_pho,photo_name,
A_CREATE_ALWAYS)==FR_OK)
..\HARDWARE\Instruction\Instruction.c(680): warning:  #167-D: argument of type "u8 *" is incompatible with parameter of type "const TCHAR *"
  		if(f_open(&fds_pho,photo_name,
A_WRITE)==FR_OK)
..\HARDWARE\Instruction\Instruction.c(695): warning:  #167-D: argument of type "u8 *" is incompatible with parameter of type "const TCHAR *"
  	if(f_open(&fds_pho,photo_name,
A_WRITE)==FR_OK)
..\HARDWARE\Instruction\Instruction.c(721): warning:  #167-D: argument of type "u8 *" is incompatible with parameter of type "const TCHAR *"
  	res=f_unlink(photo_name);					 //删除文件
..\HARDWARE\Instruction\Instruction.c(901): warning:  #174-D: expression has no effect
  				LinkInfo[k].UserNum==PhotoNum;
..\HARDWARE\Instruction\Instruction.c(866): warning:  #177-D: variable "order_temp"  was declared but never referenced
  	u16 order_temp;
..\HARDWARE\Instruction\Instruction.c(867): warning:  #177-D: variable "Menber_site"  was declared but never referenced
  	u32 Menber_site;
..\HARDWARE\Instruction\Instruction.c: 23 warnings, 0 errors
compiling key.c...
compiling lcd.c...
compiling led.c...
compiling rc522.c...
..\HARDWARE\RFID\rc522.c(368): warning:  #550-D: variable "status"  was set but never used
      u8   status;
..\HARDWARE\RFID\rc522.c(1039): warning:  #550-D: variable "status"  was set but never used
      u8   status;
..\HARDWARE\RFID\rc522.c: 2 warnings, 0 errors
compiling rtc.c...
compiling timer.c...
compiling my_math.c...
compiling text.c...
compiling ZigBee.c...
..\HARDWARE\ZigBee\ZigBee.c(519): warning:  #940-D: missing return statement at end of non-void function "READ_NODE" 
  }
..\HARDWARE\ZigBee\ZigBee.c(654): warning:  #177-D: variable "i"  was declared but never referenced
  	u8 i;
..\HARDWARE\ZigBee\ZigBee.c(661): warning:  #177-D: variable "res"  was declared but never referenced
  	FRESULT res;
..\HARDWARE\ZigBee\ZigBee.c: 3 warnings, 0 errors
compiling wdg.c...
compiling bmp.c...
compiling sdio_sdcard.c...
compiling gif.c...
compiling piclib.c...
compiling malloc.c...
compiling tjpgd.c...
compiling exfuns.c...
compiling diskio.c...
compiling fattester.c...
..\FATFS\exfuns\fattester.c(52): warning:  #177-D: variable "t"  was declared but never referenced
  	u16 i,t;
..\FATFS\exfuns\fattester.c(122): warning:  #550-D: variable "fn"  was set but never used
  	char *fn;			 
..\FATFS\exfuns\fattester.c(163): warning:  #550-D: variable "fn"  was set but never used
      char *fn;   /* This function is assuming non-Unicode cfg. */
..\FATFS\exfuns\fattester.c(197): warning:  #550-D: variable "tot_sect"  was set but never used
      u32 fre_clust=0, fre_sect=0, tot_sect=0;
..\FATFS\exfuns\fattester.c(281): warning:  #550-D: variable "res"  was set but never used
  	u8 res;
..\FATFS\exfuns\fattester.c(293): warning:  #550-D: variable "res"  was set but never used
  	u8 res;
..\FATFS\exfuns\fattester.c: 6 warnings, 0 errors
compiling ff.c...
linking...
Program Size: Code=62814 RO-data=6014 RW-data=260 ZI-data=1106524  
FromELF: creating hex file...
"..\OBJ\Template.axf" - 0 Error(s), 39 Warning(s).

<h2>Collection of Component include folders:</h2>
  F:\文档\实验室相关\2015无线门禁\无线门禁V5.3\USER\RTE\_Template
  C:\Work\Keil_v5\ARM\PACK\Keil\STM32F1xx_DFP\1.0.5\Device\Include

<h2>Collection of Component Files used:</h2>
Build Time Elapsed:  00:00:43
</pre>
</body>
</html>
